
Allocating common symbols
Common symbol       size              file

active_queue        0x10              bin/scheduler.o
__sys_time          0x18              bin/loopz.o

Memory Configuration

Name             Origin             Length             Attributes
*default*        0x00000000         0xffffffff

Linker script and memory map

LOAD bin/delay.o
LOAD bin/math.o
LOAD bin/start.o
LOAD bin/arch.o
LOAD bin/cpu.o
LOAD bin/exception.o
LOAD bin/irq.o
LOAD bin/klist.o
LOAD bin/loopz.o
LOAD bin/main.o
LOAD bin/memory.o
LOAD bin/pl031.o
LOAD bin/printk.o
LOAD bin/rtc.o
LOAD bin/scheduler.o
LOAD bin/serial.o
LOAD bin/timer.o
LOAD bin/vic.o
LOAD bin/mm/mmu_entry.o
LOAD bin/mm/kmalloc.o
LOAD bin/mm/mm.o
LOAD bin/mm/mmu.o
LOAD bin/mm/paging.o
                0x00000000                xKmap_start = .

.init           0x00010000       0x64
                0x00010000                xKmap_addr = .
 *(.init)
 .init          0x00010000       0x64 bin/start.o

.text           0x00010064     0x2c78
 *(.text)
 .text          0x00010064       0x44 bin/delay.o
                0x00010064                __loopz_wait
                0x0001008c                __loopz_atomic_cycles
                0x00010094                cpu_delay
 .text          0x000100a8       0xf8 bin/math.o
                0x000100a8                __aeabi_uidivmod
                0x000100b8                __aeabi_idivmod
                0x000100c8                __aeabi_uidiv
                0x00010114                __aeabi_idiv
 .text          0x000101a0      0x2c8 bin/start.o
                0x000101a0                boot_start
                0x000101c0                Kmap_start
                0x000101c4                Kmap_addr
                0x000101c8                Kmap_end
                0x000101cc                Kmap_sp_svc
                0x000101d0                Kmap_sp_irq
                0x000101d4                Kmap_sp_abt
                0x000101ec                __cpu_saved_ctx
                0x000101f0                __cpu_is_save
                0x000101f4                __cpu_do_context_switch
                0x0001035c                irq_enable
                0x0001036c                irq_disable
                0x00010398                fiq_enable
                0x000103a8                fiq_disable
                0x00010434                __cpu_getid
                0x0001043c                __cpu_getcachet
                0x00010444                __cpu_gettcmst
 .text          0x00010468       0x20 bin/arch.o
                0x00010468                arch_init
                0x00010478                arch_setup
 .text          0x00010488      0x530 bin/cpu.o
                0x00010488                show_stack_trace
                0x000104dc                cpu_dump
                0x0001090c                cpu_init
                0x00010970                cpu_save_context
                0x000109a4                cpu_switch_context
 .text          0x000109b8       0x78 bin/exception.o
                0x000109b8                arm_fiq
                0x000109d0                arm_irq
                0x000109d4                arm_abt
                0x00010a00                syscall_handler
 .text          0x00010a30      0x194 bin/irq.o
                0x00010a30                irq_setup_ctrl
                0x00010a74                irq_handler
                0x00010aa0                __irq_call_isr
                0x00010ae8                irq_init
                0x00010af8                irq_install_isr
                0x00010b30                irq_uninstall_isr
                0x00010b6c                irq_enable_line
                0x00010b98                irq_disable_line
 .text          0x00010bc4      0x198 bin/klist.o
                0x00010bc4                klist_init
                0x00010be0                klist_add_head
                0x00010c2c                klist_add_tail
                0x00010c84                klist_next
                0x00010cc4                klist_remove
 .text          0x00010d5c      0x1d0 bin/loopz.o
                0x00010dac                loopz_init
                0x00010e9c                atomic_delay
                0x00010eb4                __loopz_test
 .text          0x00010f2c       0x48 bin/main.o
                0x00010f2c                kmain
 .text          0x00010f74      0x1b8 bin/memory.o
                0x00010f74                memclr
                0x00010fc8                memset
                0x0001102c                memcpy
                0x0001108c                membitset
                0x000110e4                membitclr
 .text          0x0001112c       0xc4 bin/pl031.o
                0x000111c0                pl031_setup
 .text          0x000111f0      0x300 bin/printk.o
                0x000111f0                printk
 .text          0x000114f0      0x280 bin/rtc.o
                0x000114f0                rtc_init
                0x00011508                rtc_get_counter
                0x00011518                rtc_register_device
                0x0001156c                rtc_has_device
                0x00011584                rtc_tick_event
                0x00011630                rtc_register_event
                0x00011674                rtc_sectotime
 .text          0x00011770      0x4b0 bin/scheduler.o
                0x00011770                task2
                0x0001178c                task1
                0x000117a8                scheduler_create_task
                0x000118a0                scheduler_init
                0x00011a84                prempt_disable
                0x00011a98                prempt_enable
                0x00011aac                do_prempt
                0x00011b5c                scheduler
 .text          0x00011c20       0x88 bin/serial.o
                0x00011c44                serial_init
                0x00011c84                serial_send_char
 .text          0x00011ca8       0x7c bin/timer.o
                0x00011ca8                timer_irq_handler
                0x00011cdc                timer_init
 .text          0x00011d24       0x9c bin/vic.o
                0x00011db4                vic_setup
 .text          0x00011dc0       0x40 bin/mm/mmu_entry.o
                0x00011dc0                __mmu_getttbl
                0x00011dc8                __mmu_setttbl
                0x00011dd0                __mmu_getfsr
                0x00011dd8                __mmu_getfar
                0x00011de0                __mmu_getdomain
                0x00011de8                __mmu_setdomain
                0x00011df0                __mmu_getcr
                0x00011df8                __mmu_setcr
 .text          0x00011e00      0x184 bin/mm/kmalloc.o
                0x00011e00                kmalloc_init
                0x00011e50                kmalloc
                0x00011f30                kfree
 .text          0x00011f84      0xaac bin/mm/mm.o
                0x00011f84                pf_find_free
                0x0001206c                pf_state
                0x00012094                pf_mark
                0x000121fc                pf_alloc
                0x00012334                page_alloc_align
                0x00012538                page_frame_alloc
                0x00012670                pf_free
                0x000126f0                pf_mark_kernel
                0x0001286c                mm_init
 .text          0x00012a30       0xbc bin/mm/mmu.o
                0x00012a30                domain_set_protection
                0x00012a50                domain_setup
                0x00012a98                page_dir_set
                0x00012ac4                mmu_enable
                0x00012ad8                mmu_disable
 .text          0x00012aec      0x1f0 bin/mm/paging.o
                0x00012aec                __section_map_identy
                0x00012b64                setup_kernel_pgdir
                0x00012c14                paging_init

.data           0x00012cdc       0x88
 *(.data)
 .data          0x00012cdc        0x0 bin/delay.o
 .data          0x00012cdc        0x0 bin/math.o
 .data          0x00012cdc        0x0 bin/start.o
 .data          0x00012cdc        0x0 bin/arch.o
 .data          0x00012cdc        0x0 bin/cpu.o
 .data          0x00012cdc        0x0 bin/exception.o
 .data          0x00012cdc        0x0 bin/irq.o
 .data          0x00012cdc        0x0 bin/klist.o
 .data          0x00012cdc        0x8 bin/loopz.o
                0x00012cdc                __loopz_wait0
                0x00012ce0                __loopz_wait1
 .data          0x00012ce4        0x0 bin/main.o
 .data          0x00012ce4        0x0 bin/memory.o
 .data          0x00012ce4       0x10 bin/pl031.o
 .data          0x00012cf4        0x0 bin/printk.o
 .data          0x00012cf4        0x0 bin/rtc.o
 .data          0x00012cf4       0x5c bin/scheduler.o
 .data          0x00012d50        0x0 bin/serial.o
 .data          0x00012d50        0x0 bin/timer.o
 .data          0x00012d50       0x14 bin/vic.o
 .data          0x00012d64        0x0 bin/mm/mmu_entry.o
 .data          0x00012d64        0x0 bin/mm/kmalloc.o
 .data          0x00012d64        0x0 bin/mm/mm.o
 .data          0x00012d64        0x0 bin/mm/mmu.o
 .data          0x00012d64        0x0 bin/mm/paging.o

.rodata         0x00012d64        0x4
 *(.rodata)
 .rodata        0x00012d64        0x4 bin/mm/kmalloc.o
                0x00012d64                __heap_pages

.bss            0x00012d68      0x8dc
 *(.bss)
 .bss           0x00012d68        0x0 bin/delay.o
 .bss           0x00012d68        0x0 bin/math.o
 .bss           0x00012d68        0x0 bin/start.o
 .bss           0x00012d68        0x0 bin/arch.o
 .bss           0x00012d68        0x0 bin/cpu.o
 .bss           0x00012d68        0x0 bin/exception.o
 .bss           0x00012d68       0x84 bin/irq.o
                0x00012d68                __irqctrl
                0x00012d6c                isr_handler_table
 .bss           0x00012dec        0x0 bin/klist.o
 .bss           0x00012dec       0x14 bin/loopz.o
                0x00012df0                __loopz_per_sec
                0x00012df4                __loopz_per_ms
                0x00012df8                __loopz_per_ns
                0x00012dfc                __loopz_cpufreq
 .bss           0x00012e00        0x0 bin/main.o
 .bss           0x00012e00        0x0 bin/memory.o
 .bss           0x00012e00        0x0 bin/pl031.o
 .bss           0x00012e00        0x0 bin/printk.o
 .bss           0x00012e00       0x1c bin/rtc.o
 .bss           0x00012e1c        0x4 bin/scheduler.o
 .bss           0x00012e20        0x0 bin/serial.o
 .bss           0x00012e20        0x8 bin/timer.o
                0x00012e20                __tick_counter
                0x00012e24                __last_tick_time
 .bss           0x00012e28        0x0 bin/vic.o
 .bss           0x00012e28        0x0 bin/mm/mmu_entry.o
 .bss           0x00012e28       0x10 bin/mm/kmalloc.o
                0x00012e28                heap_start
 .bss           0x00012e38      0x808 bin/mm/mm.o
 .bss           0x00013640        0x0 bin/mm/mmu.o
 .bss           0x00013640        0x4 bin/mm/paging.o
                0x00013640                __kernel_pgdir
                0x00014644                . = (. + 0x1000)
                0x00014644                Kstack_svc_addr = .
                0x00015644                . = (. + 0x1000)
                0x00015644                Kstack_irq_addr = .
                0x00015a44                . = (. + 0x400)
                0x00015a44                Kstack_fiq_addr = .
                0x00016a44                . = (. + 0x1000)
                0x00016a44                Kstack_usys_addr = .
                0x00017a44                . = (. + 0x1000)
                0x00017a44                Kstack_abt_addr = .

.others         0x00017a44      0x8e8
 *(*)
 .glue_7        0x00000000        0x0 linker stubs
 .glue_7t       0x00000000        0x0 linker stubs
 .vfp11_veneer  0x00000000        0x0 linker stubs
 .v4_bx         0x00000000        0x0 linker stubs
 .ARM.attributes
                0x00017a44       0x24 bin/delay.o
 .ARM.attributes
                0x00017a68       0x24 bin/math.o
 .iplt          0x00000000        0x0 bin/math.o
 .rel.iplt      0x00000000        0x0 bin/math.o
 .igot.plt      0x00000000        0x0 bin/math.o
 .ARM.attributes
                0x00017a8c       0x24 bin/start.o
 .comment       0x00017ab0       0x11 bin/arch.o
                                 0x12 (size before relaxing)
 .ARM.attributes
                0x00017ac1       0x34 bin/arch.o
 *fill*         0x00017af5        0x3 00
 .rodata.str1.4
                0x00017af8       0xec bin/cpu.o
                                 0xf0 (size before relaxing)
 .comment       0x00000000       0x12 bin/cpu.o
 .ARM.attributes
                0x00017be4       0x34 bin/cpu.o
 .rodata.str1.4
                0x00017c18       0x34 bin/exception.o
                                 0x3c (size before relaxing)
 .comment       0x00000000       0x12 bin/exception.o
 .ARM.attributes
                0x00017c4c       0x34 bin/exception.o
 .rodata.str1.4
                0x00017c80       0x51 bin/irq.o
                                 0x54 (size before relaxing)
 .comment       0x00000000       0x12 bin/irq.o
 .ARM.attributes
                0x00017cd1       0x34 bin/irq.o
 .comment       0x00000000       0x12 bin/klist.o
 .ARM.attributes
                0x00017d05       0x34 bin/klist.o
 *fill*         0x00017d39        0x3 00
 .rodata.str1.4
                0x00017d3c       0x95 bin/loopz.o
                                 0x98 (size before relaxing)
 .comment       0x00000000       0x12 bin/loopz.o
 .ARM.attributes
                0x00017dd1       0x34 bin/loopz.o
 *fill*         0x00017e05        0x3 00
 COMMON         0x00017e08       0x18 bin/loopz.o
                0x00017e08                __sys_time
 .rodata.str1.4
                0x00017e20       0x2d bin/main.o
                                 0x30 (size before relaxing)
 .comment       0x00000000       0x12 bin/main.o
 .ARM.attributes
                0x00017e4d       0x34 bin/main.o
 .comment       0x00000000       0x12 bin/memory.o
 .ARM.attributes
                0x00017e81       0x34 bin/memory.o
 *fill*         0x00017eb5        0x3 00
 .rodata.str1.4
                0x00017eb8        0x6 bin/pl031.o
                                  0x8 (size before relaxing)
 .comment       0x00000000       0x12 bin/pl031.o
 .ARM.attributes
                0x00017ebe       0x34 bin/pl031.o
 *fill*         0x00017ef2        0x2 00
 .rodata.str1.4
                0x00017ef4       0x25 bin/printk.o
                                 0x28 (size before relaxing)
 .comment       0x00000000       0x12 bin/printk.o
 .ARM.attributes
                0x00017f19       0x34 bin/printk.o
 *fill*         0x00017f4d        0x3 00
 .rodata.str1.4
                0x00017f50       0x19 bin/rtc.o
                                 0x1c (size before relaxing)
 .comment       0x00000000       0x12 bin/rtc.o
 .ARM.attributes
                0x00017f69       0x34 bin/rtc.o
 *fill*         0x00017f9d        0x3 00
 .rodata.str1.4
                0x00017fa0       0x6c bin/scheduler.o
 .comment       0x00000000       0x12 bin/scheduler.o
 .ARM.attributes
                0x0001800c       0x34 bin/scheduler.o
 COMMON         0x00018040       0x10 bin/scheduler.o
                0x00018040                active_queue
 .comment       0x00000000       0x12 bin/serial.o
 .ARM.attributes
                0x00018050       0x34 bin/serial.o
 .comment       0x00000000       0x12 bin/timer.o
 .ARM.attributes
                0x00018084       0x34 bin/timer.o
 .rodata.str1.4
                0x000180b8        0x8 bin/vic.o
 .comment       0x00000000       0x12 bin/vic.o
 .ARM.attributes
                0x000180c0       0x34 bin/vic.o
 .ARM.attributes
                0x000180f4       0x24 bin/mm/mmu_entry.o
 .rodata.str1.4
                0x00018118       0x62 bin/mm/kmalloc.o
                                 0x64 (size before relaxing)
 .comment       0x00000000       0x12 bin/mm/kmalloc.o
 .ARM.attributes
                0x0001817a       0x34 bin/mm/kmalloc.o
 *fill*         0x000181ae        0x2 00
 .rodata.str1.4
                0x000181b0       0x7f bin/mm/mm.o
                                 0x80 (size before relaxing)
 .comment       0x00000000       0x12 bin/mm/mm.o
 .ARM.attributes
                0x0001822f       0x34 bin/mm/mm.o
 *fill*         0x00018263        0x1 00
 .rodata.str1.4
                0x00018264       0x35 bin/mm/mmu.o
                                 0x38 (size before relaxing)
 .comment       0x00000000       0x12 bin/mm/mmu.o
 .ARM.attributes
                0x00018299       0x34 bin/mm/mmu.o
 *fill*         0x000182cd        0x3 00
 .rodata.str1.4
                0x000182d0       0x28 bin/mm/paging.o
 .comment       0x00000000       0x12 bin/mm/paging.o
 .ARM.attributes
                0x000182f8       0x34 bin/mm/paging.o
                0x0001832c                xKmap_end = .
OUTPUT(bin/kernel.elf elf32-littlearm)
