
Allocating common symbols
Common symbol       size              file

active_queue        0x10              bin/scheduler.o

Memory Configuration

Name             Origin             Length             Attributes
*default*        0x00000000         0xffffffff

Linker script and memory map

LOAD bin/delay.o
LOAD bin/math.o
LOAD bin/start.o
LOAD bin/clock.o
LOAD bin/cpu.o
LOAD bin/exception.o
LOAD bin/irq.o
LOAD bin/klist.o
LOAD bin/main.o
LOAD bin/memory.o
LOAD bin/printk.o
LOAD bin/scheduler.o
LOAD bin/serial.o
LOAD bin/timer.o
LOAD bin/mm/mmu_entry.o
LOAD bin/mm/kmalloc.o
LOAD bin/mm/mm.o
LOAD bin/mm/mmu.o
LOAD bin/mm/paging.o
                0x00000000                xKmap_start = .

.init           0x00010000       0x64
                0x00010000                xKmap_addr = .
 *(.init)
 .init          0x00010000       0x64 bin/start.o

.text           0x00010064     0x2774
 *(.text)
 .text          0x00010064       0x4c bin/delay.o
                0x00010064                __loops_per_second
                0x00010068                __loops_wait
                0x00010098                __cycles_per_loop
                0x0001009c                cpu_delay
 .text          0x000100b0       0xf8 bin/math.o
                0x000100b0                __aeabi_uidivmod
                0x000100c0                __aeabi_idivmod
                0x000100d0                __aeabi_uidiv
                0x0001011c                __aeabi_idiv
 .text          0x000101a8      0x2c8 bin/start.o
                0x000101a8                boot_start
                0x000101c8                Kmap_start
                0x000101cc                Kmap_addr
                0x000101d0                Kmap_end
                0x000101d4                Kmap_sp_svc
                0x000101d8                Kmap_sp_irq
                0x000101dc                Kmap_sp_abt
                0x000101f4                __cpu_saved_ctx
                0x000101f8                __cpu_is_save
                0x000101fc                __cpu_do_context_switch
                0x00010364                irq_enable
                0x00010374                irq_disable
                0x000103a0                fiq_enable
                0x000103b0                fiq_disable
                0x0001043c                __cpu_getid
                0x00010444                __cpu_getcachet
                0x0001044c                __cpu_gettcmst
 .text          0x00010470      0x23c bin/clock.o
                0x000104f4                udelay
                0x0001050c                __calibrate_cpu_freq
                0x000105c8                clock_init
 .text          0x000106ac      0x530 bin/cpu.o
                0x000106ac                show_stack_trace
                0x00010700                cpu_dump
                0x00010b30                cpu_init
                0x00010b94                cpu_save_context
                0x00010bc8                cpu_switch_context
 .text          0x00010bdc       0x78 bin/exception.o
                0x00010bdc                arm_fiq
                0x00010bf4                arm_irq
                0x00010bf8                arm_abt
                0x00010c24                syscall_handler
 .text          0x00010c54      0x164 bin/irq.o
                0x00010c54                irq_handler
                0x00010ca4                irq_init
                0x00010cb4                irq_enable_line
                0x00010cd4                irq_disable_line
                0x00010cf4                irq_install_isr
                0x00010d2c                irq_uninstall_isr
                0x00010d68                irq_generate_softint
                0x00010d94                irq_clear_softint
 .text          0x00010db8      0x180 bin/klist.o
                0x00010db8                klist_init
                0x00010dd4                klist_add_head
                0x00010e20                klist_add_tail
                0x00010e78                klist_next
                0x00010eb8                klist_remove
 .text          0x00010f38       0xd4 bin/main.o
                0x00010f38                kmain
 .text          0x0001100c      0x1b8 bin/memory.o
                0x0001100c                memclr
                0x00011060                memset
                0x000110c4                memcpy
                0x00011124                membitset
                0x0001117c                membitclr
 .text          0x000111c4      0x300 bin/printk.o
                0x000111c4                printk
 .text          0x000114c4      0x338 bin/scheduler.o
                0x000114c4                C_task2
                0x000114e0                C_task1
                0x000114fc                scheduler_create_task
                0x000115e8                scheduler_init
                0x000117b4                scheduler
 .text          0x000117fc       0x84 bin/serial.o
                0x000117fc                serial_irq_handler
                0x0001181c                serial_init
                0x0001185c                serial_send_char
 .text          0x00011880       0x3c bin/timer.o
                0x00011880                timer_irq_handler
                0x00011894                timer_init
                0x00011898                sp804_reset
 .text          0x000118bc       0x40 bin/mm/mmu_entry.o
                0x000118bc                __mmu_getttbl
                0x000118c4                __mmu_setttbl
                0x000118cc                __mmu_getfsr
                0x000118d4                __mmu_getfar
                0x000118dc                __mmu_getdomain
                0x000118e4                __mmu_setdomain
                0x000118ec                __mmu_getcr
                0x000118f4                __mmu_setcr
 .text          0x000118fc      0x184 bin/mm/kmalloc.o
                0x000118fc                kmalloc_init
                0x0001194c                kmalloc
                0x00011a2c                kfree
 .text          0x00011a80      0xaac bin/mm/mm.o
                0x00011a80                pf_find_free
                0x00011b68                pf_state
                0x00011b90                pf_mark
                0x00011cf8                pf_alloc
                0x00011e30                page_alloc_align
                0x00012034                page_frame_alloc
                0x0001216c                pf_free
                0x000121ec                pf_mark_kernel
                0x00012368                mm_init
 .text          0x0001252c       0xbc bin/mm/mmu.o
                0x0001252c                domain_set_protection
                0x0001254c                domain_setup
                0x00012594                page_dir_set
                0x000125c0                mmu_enable
                0x000125d4                mmu_disable
 .text          0x000125e8      0x1f0 bin/mm/paging.o
                0x000125e8                __section_map_identy
                0x00012660                setup_kernel_pgdir
                0x00012710                paging_init

.data           0x000127d8       0x5c
 *(.data)
 .data          0x000127d8        0x0 bin/delay.o
 .data          0x000127d8        0x0 bin/math.o
 .data          0x000127d8        0x0 bin/start.o
 .data          0x000127d8        0x4 bin/clock.o
                0x000127d8                __wait_for_start
 .data          0x000127dc        0x0 bin/cpu.o
 .data          0x000127dc        0x0 bin/exception.o
 .data          0x000127dc        0x0 bin/irq.o
 .data          0x000127dc        0x0 bin/klist.o
 .data          0x000127dc        0x0 bin/main.o
 .data          0x000127dc        0x0 bin/memory.o
 .data          0x000127dc        0x0 bin/printk.o
 .data          0x000127dc       0x58 bin/scheduler.o
 .data          0x00012834        0x0 bin/serial.o
 .data          0x00012834        0x0 bin/timer.o
 .data          0x00012834        0x0 bin/mm/mmu_entry.o
 .data          0x00012834        0x0 bin/mm/kmalloc.o
 .data          0x00012834        0x0 bin/mm/mm.o
 .data          0x00012834        0x0 bin/mm/mmu.o
 .data          0x00012834        0x0 bin/mm/paging.o

.rodata         0x00012834        0x4
 *(.rodata)
 .rodata        0x00012834        0x4 bin/mm/kmalloc.o
                0x00012834                __heap_pages

.bss            0x00012838      0x8b4
 *(.bss)
 .bss           0x00012838        0x0 bin/delay.o
 .bss           0x00012838        0x0 bin/math.o
 .bss           0x00012838        0x0 bin/start.o
 .bss           0x00012838       0x18 bin/clock.o
                0x0001283c                __loop_running
 .bss           0x00012850        0x0 bin/cpu.o
 .bss           0x00012850        0x0 bin/exception.o
 .bss           0x00012850       0x80 bin/irq.o
                0x00012850                isr_handler_table
 .bss           0x000128d0        0x0 bin/klist.o
 .bss           0x000128d0        0x0 bin/main.o
 .bss           0x000128d0        0x0 bin/memory.o
 .bss           0x000128d0        0x0 bin/printk.o
 .bss           0x000128d0        0x0 bin/scheduler.o
 .bss           0x000128d0        0x0 bin/serial.o
 .bss           0x000128d0        0x0 bin/timer.o
 .bss           0x000128d0        0x0 bin/mm/mmu_entry.o
 .bss           0x000128d0       0x10 bin/mm/kmalloc.o
                0x000128d0                heap_start
 .bss           0x000128e0      0x808 bin/mm/mm.o
 .bss           0x000130e8        0x0 bin/mm/mmu.o
 .bss           0x000130e8        0x4 bin/mm/paging.o
                0x000130e8                __kernel_pgdir
                0x000140ec                . = (. + 0x1000)
                0x000140ec                Kstack_svc_addr = .
                0x000150ec                . = (. + 0x1000)
                0x000150ec                Kstack_irq_addr = .
                0x000154ec                . = (. + 0x400)
                0x000154ec                Kstack_fiq_addr = .
                0x000164ec                . = (. + 0x1000)
                0x000164ec                Kstack_usys_addr = .
                0x000174ec                . = (. + 0x1000)
                0x000174ec                Kstack_abt_addr = .

.others         0x000174ec      0x78c
 *(*)
 .glue_7        0x00000000        0x0 linker stubs
 .glue_7t       0x00000000        0x0 linker stubs
 .vfp11_veneer  0x00000000        0x0 linker stubs
 .v4_bx         0x00000000        0x0 linker stubs
 .ARM.attributes
                0x000174ec       0x24 bin/delay.o
 .ARM.attributes
                0x00017510       0x24 bin/math.o
 .iplt          0x00000000        0x0 bin/math.o
 .rel.iplt      0x00000000        0x0 bin/math.o
 .igot.plt      0x00000000        0x0 bin/math.o
 .ARM.attributes
                0x00017534       0x24 bin/start.o
 .rodata.str1.4
                0x00017558       0x6d bin/clock.o
                                 0x70 (size before relaxing)
 .comment       0x000175c5       0x11 bin/clock.o
                                 0x12 (size before relaxing)
 .ARM.attributes
                0x000175d6       0x34 bin/clock.o
 *fill*         0x0001760a        0x2 00
 .rodata.str1.4
                0x0001760c       0xec bin/cpu.o
                                 0xf0 (size before relaxing)
 .comment       0x00000000       0x12 bin/cpu.o
 .ARM.attributes
                0x000176f8       0x34 bin/cpu.o
 .rodata.str1.4
                0x0001772c       0x34 bin/exception.o
                                 0x3c (size before relaxing)
 .comment       0x00000000       0x12 bin/exception.o
 .ARM.attributes
                0x00017760       0x34 bin/exception.o
 .comment       0x00000000       0x12 bin/irq.o
 .ARM.attributes
                0x00017794       0x34 bin/irq.o
 .comment       0x00000000       0x12 bin/klist.o
 .ARM.attributes
                0x000177c8       0x34 bin/klist.o
 .rodata.str1.4
                0x000177fc       0x99 bin/main.o
                                 0x9c (size before relaxing)
 .comment       0x00000000       0x12 bin/main.o
 .ARM.attributes
                0x00017895       0x34 bin/main.o
 .comment       0x00000000       0x12 bin/memory.o
 .ARM.attributes
                0x000178c9       0x34 bin/memory.o
 *fill*         0x000178fd        0x3 00
 .rodata.str1.4
                0x00017900       0x25 bin/printk.o
                                 0x28 (size before relaxing)
 .comment       0x00000000       0x12 bin/printk.o
 .ARM.attributes
                0x00017925       0x34 bin/printk.o
 *fill*         0x00017959        0x3 00
 .rodata.str1.4
                0x0001795c       0x38 bin/scheduler.o
 .comment       0x00000000       0x12 bin/scheduler.o
 .ARM.attributes
                0x00017994       0x34 bin/scheduler.o
 COMMON         0x000179c8       0x10 bin/scheduler.o
                0x000179c8                active_queue
 .comment       0x00000000       0x12 bin/serial.o
 .ARM.attributes
                0x000179d8       0x34 bin/serial.o
 .comment       0x00000000       0x12 bin/timer.o
 .ARM.attributes
                0x00017a0c       0x34 bin/timer.o
 .ARM.attributes
                0x00017a40       0x24 bin/mm/mmu_entry.o
 .rodata.str1.4
                0x00017a64       0x62 bin/mm/kmalloc.o
                                 0x64 (size before relaxing)
 .comment       0x00000000       0x12 bin/mm/kmalloc.o
 .ARM.attributes
                0x00017ac6       0x34 bin/mm/kmalloc.o
 *fill*         0x00017afa        0x2 00
 .rodata.str1.4
                0x00017afc       0x7f bin/mm/mm.o
                                 0x80 (size before relaxing)
 .comment       0x00000000       0x12 bin/mm/mm.o
 .ARM.attributes
                0x00017b7b       0x34 bin/mm/mm.o
 *fill*         0x00017baf        0x1 00
 .rodata.str1.4
                0x00017bb0       0x35 bin/mm/mmu.o
                                 0x38 (size before relaxing)
 .comment       0x00000000       0x12 bin/mm/mmu.o
 .ARM.attributes
                0x00017be5       0x34 bin/mm/mmu.o
 *fill*         0x00017c19        0x3 00
 .rodata.str1.4
                0x00017c1c       0x28 bin/mm/paging.o
 .comment       0x00000000       0x12 bin/mm/paging.o
 .ARM.attributes
                0x00017c44       0x34 bin/mm/paging.o
                0x00017c78                xKmap_end = .
OUTPUT(bin/kernel.elf elf32-littlearm)
