
Allocating common symbols
Common symbol       size              file

active_queue        0x10              bin/scheduler.o

Memory Configuration

Name             Origin             Length             Attributes
*default*        0x00000000         0xffffffff

Linker script and memory map

LOAD bin/math.o
LOAD bin/start.o
LOAD bin/cpu.o
LOAD bin/exception.o
LOAD bin/irq.o
LOAD bin/klist.o
LOAD bin/main.o
LOAD bin/memory.o
LOAD bin/printk.o
LOAD bin/scheduler.o
LOAD bin/serial.o
LOAD bin/timer.o
LOAD bin/mm/mmu.o
LOAD bin/mm/kmalloc.o
LOAD bin/mm/memmgr.o
LOAD bin/mm/mmuc.o
LOAD bin/mm/paging.o
                0x00000000                xKmap_start = .

.init           0x00010000       0x64
                0x00010000                xKmap_addr = .
 *(.init)
 .init          0x00010000       0x64 bin/start.o

.text           0x00010064     0x24ec
 *(.text)
 .text          0x00010064       0xf8 bin/math.o
                0x00010064                __aeabi_uidivmod
                0x00010074                __aeabi_idivmod
                0x00010084                __aeabi_uidiv
                0x000100d0                __aeabi_idiv
 .text          0x0001015c      0x2dc bin/start.o
                0x0001015c                boot_start
                0x0001017c                Kmap_start
                0x00010180                Kmap_addr
                0x00010184                Kmap_end
                0x00010188                Kmap_sp_svc
                0x0001018c                Kmap_sp_irq
                0x00010190                Kmap_sp_abt
                0x000101a8                __cpu_saved_ctx
                0x000101ac                __cpu_is_save
                0x000101b0                __cpu_do_context_switch
                0x00010224                cpu_delay
                0x0001032c                irq_enable
                0x0001033c                irq_disable
                0x00010368                fiq_enable
                0x00010378                fiq_disable
                0x00010404                __cpu_getid
                0x0001040c                __cpu_getcachet
                0x00010414                __cpu_gettcmst
 .text          0x00010438      0x530 bin/cpu.o
                0x00010438                show_stack_trace
                0x0001048c                cpu_dump
                0x000108bc                cpu_init
                0x00010920                cpu_save_context
                0x00010954                cpu_switch_context
 .text          0x00010968       0x78 bin/exception.o
                0x00010968                arm_fiq
                0x00010980                arm_irq
                0x00010984                arm_abt
                0x000109b0                syscall_handler
 .text          0x000109e0      0x164 bin/irq.o
                0x000109e0                irq_handler
                0x00010a30                irq_init
                0x00010a40                irq_enable_line
                0x00010a60                irq_disable_line
                0x00010a80                irq_install_isr
                0x00010ab8                irq_uninstall_isr
                0x00010af4                irq_generate_softint
                0x00010b20                irq_clear_softint
 .text          0x00010b44      0x180 bin/klist.o
                0x00010b44                klist_init
                0x00010b60                klist_add_head
                0x00010bac                klist_add_tail
                0x00010c04                klist_next
                0x00010c44                klist_remove
 .text          0x00010cc4       0xb8 bin/main.o
                0x00010cc4                kmain
 .text          0x00010d7c      0x1b8 bin/memory.o
                0x00010d7c                memclr
                0x00010dd0                memset
                0x00010e34                memcpy
                0x00010e94                membitset
                0x00010eec                membitclr
 .text          0x00010f34      0x300 bin/printk.o
                0x00010f34                printk
 .text          0x00011234      0x338 bin/scheduler.o
                0x00011234                C_task2
                0x00011250                C_task1
                0x0001126c                scheduler_create_task
                0x00011358                scheduler_init
                0x00011524                scheduler
 .text          0x0001156c       0x78 bin/serial.o
                0x0001156c                serial_irq_handler
                0x0001158c                serial_init
                0x000115c4                serial_send_char
 .text          0x000115e4       0x58 bin/timer.o
                0x000115e4                timer_irq_handler
                0x000115f8                timer_init
 .text          0x0001163c       0x40 bin/mm/mmu.o
                0x0001163c                __mmu_getttbl
                0x00011644                __mmu_setttbl
                0x0001164c                __mmu_getfsr
                0x00011654                __mmu_getfar
                0x0001165c                __mmu_getdomain
                0x00011664                __mmu_setdomain
                0x0001166c                __mmu_getcr
                0x00011674                __mmu_setcr
 .text          0x0001167c      0x184 bin/mm/kmalloc.o
                0x0001167c                kmalloc_init
                0x000116cc                kmalloc
                0x000117ac                kfree
 .text          0x00011800      0xaa4 bin/mm/memmgr.o
                0x00011800                pf_find_free
                0x000118e8                pf_state
                0x00011910                pf_mark
                0x00011a78                pf_alloc
                0x00011bb0                page_alloc_align
                0x00011dac                page_frame_alloc
                0x00011ee4                pf_free
                0x00011f64                pf_mark_kernel
                0x000120e0                mm_init
 .text          0x000122a4       0xbc bin/mm/mmuc.o
                0x000122a4                domain_set_protection
                0x000122c4                domain_setup
                0x0001230c                page_dir_set
                0x00012338                mmu_enable
                0x0001234c                mmu_disable
 .text          0x00012360      0x1f0 bin/mm/paging.o
                0x00012360                __section_map_identy
                0x000123d8                setup_kernel_pgdir
                0x00012488                paging_init

.data           0x00012550       0x58
 *(.data)
 .data          0x00012550        0x0 bin/math.o
 .data          0x00012550        0x0 bin/start.o
 .data          0x00012550        0x0 bin/cpu.o
 .data          0x00012550        0x0 bin/exception.o
 .data          0x00012550        0x0 bin/irq.o
 .data          0x00012550        0x0 bin/klist.o
 .data          0x00012550        0x0 bin/main.o
 .data          0x00012550        0x0 bin/memory.o
 .data          0x00012550        0x0 bin/printk.o
 .data          0x00012550       0x58 bin/scheduler.o
 .data          0x000125a8        0x0 bin/serial.o
 .data          0x000125a8        0x0 bin/timer.o
 .data          0x000125a8        0x0 bin/mm/mmu.o
 .data          0x000125a8        0x0 bin/mm/kmalloc.o
 .data          0x000125a8        0x0 bin/mm/memmgr.o
 .data          0x000125a8        0x0 bin/mm/mmuc.o
 .data          0x000125a8        0x0 bin/mm/paging.o

.rodata         0x000125a8        0x4
 *(.rodata)
 .rodata        0x000125a8        0x4 bin/mm/kmalloc.o
                0x000125a8                __heap_pages

.bss            0x000125ac      0x89c
 *(.bss)
 .bss           0x000125ac        0x0 bin/math.o
 .bss           0x000125ac        0x0 bin/start.o
 .bss           0x000125ac        0x0 bin/cpu.o
 .bss           0x000125ac        0x0 bin/exception.o
 .bss           0x000125ac       0x80 bin/irq.o
                0x000125ac                isr_handler_table
 .bss           0x0001262c        0x0 bin/klist.o
 .bss           0x0001262c        0x0 bin/main.o
 .bss           0x0001262c        0x0 bin/memory.o
 .bss           0x0001262c        0x0 bin/printk.o
 .bss           0x0001262c        0x0 bin/scheduler.o
 .bss           0x0001262c        0x0 bin/serial.o
 .bss           0x0001262c        0x0 bin/timer.o
 .bss           0x0001262c        0x0 bin/mm/mmu.o
 .bss           0x0001262c       0x10 bin/mm/kmalloc.o
                0x0001262c                heap_start
 .bss           0x0001263c      0x808 bin/mm/memmgr.o
 .bss           0x00012e44        0x0 bin/mm/mmuc.o
 .bss           0x00012e44        0x4 bin/mm/paging.o
                0x00012e44                __kernel_pgdir
                0x00013e48                . = (. + 0x1000)
                0x00013e48                Kstack_svc_addr = .
                0x00014e48                . = (. + 0x1000)
                0x00014e48                Kstack_irq_addr = .
                0x00015248                . = (. + 0x400)
                0x00015248                Kstack_fiq_addr = .
                0x00016248                . = (. + 0x1000)
                0x00016248                Kstack_usys_addr = .
                0x00017248                . = (. + 0x1000)
                0x00017248                Kstack_abt_addr = .

.others         0x00017248      0x694
 *(*)
 .glue_7        0x00000000        0x0 linker stubs
 .glue_7t       0x00000000        0x0 linker stubs
 .vfp11_veneer  0x00000000        0x0 linker stubs
 .v4_bx         0x00000000        0x0 linker stubs
 .ARM.attributes
                0x00017248       0x24 bin/math.o
 .iplt          0x00000000        0x0 bin/math.o
 .rel.iplt      0x00000000        0x0 bin/math.o
 .igot.plt      0x00000000        0x0 bin/math.o
 .ARM.attributes
                0x0001726c       0x24 bin/start.o
 .rodata.str1.4
                0x00017290       0xe8 bin/cpu.o
                                 0xec (size before relaxing)
 .comment       0x00017378       0x11 bin/cpu.o
                                 0x12 (size before relaxing)
 .ARM.attributes
                0x00017389       0x34 bin/cpu.o
 *fill*         0x000173bd        0x3 00
 .rodata.str1.4
                0x000173c0       0x34 bin/exception.o
                                 0x3c (size before relaxing)
 .comment       0x00000000       0x12 bin/exception.o
 .ARM.attributes
                0x000173f4       0x34 bin/exception.o
 .comment       0x00000000       0x12 bin/irq.o
 .ARM.attributes
                0x00017428       0x34 bin/irq.o
 .comment       0x00000000       0x12 bin/klist.o
 .ARM.attributes
                0x0001745c       0x34 bin/klist.o
 .rodata.str1.4
                0x00017490       0x69 bin/main.o
                                 0x6c (size before relaxing)
 .comment       0x00000000       0x12 bin/main.o
 .ARM.attributes
                0x000174f9       0x34 bin/main.o
 .comment       0x00000000       0x12 bin/memory.o
 .ARM.attributes
                0x0001752d       0x34 bin/memory.o
 *fill*         0x00017561        0x3 00
 .rodata.str1.4
                0x00017564       0x25 bin/printk.o
                                 0x28 (size before relaxing)
 .comment       0x00000000       0x12 bin/printk.o
 .ARM.attributes
                0x00017589       0x34 bin/printk.o
 *fill*         0x000175bd        0x3 00
 .rodata.str1.4
                0x000175c0       0x38 bin/scheduler.o
 .comment       0x00000000       0x12 bin/scheduler.o
 .ARM.attributes
                0x000175f8       0x34 bin/scheduler.o
 COMMON         0x0001762c       0x10 bin/scheduler.o
                0x0001762c                active_queue
 .comment       0x00000000       0x12 bin/serial.o
 .ARM.attributes
                0x0001763c       0x34 bin/serial.o
 .comment       0x00000000       0x12 bin/timer.o
 .ARM.attributes
                0x00017670       0x34 bin/timer.o
 .ARM.attributes
                0x000176a4       0x24 bin/mm/mmu.o
 .rodata.str1.4
                0x000176c8       0x62 bin/mm/kmalloc.o
                                 0x64 (size before relaxing)
 .comment       0x00000000       0x12 bin/mm/kmalloc.o
 .ARM.attributes
                0x0001772a       0x34 bin/mm/kmalloc.o
 *fill*         0x0001775e        0x2 00
 .rodata.str1.4
                0x00017760       0x7f bin/mm/memmgr.o
                                 0x80 (size before relaxing)
 .comment       0x00000000       0x12 bin/mm/memmgr.o
 .ARM.attributes
                0x000177df       0x34 bin/mm/memmgr.o
 *fill*         0x00017813        0x1 00
 .rodata.str1.4
                0x00017814       0x35 bin/mm/mmuc.o
                                 0x38 (size before relaxing)
 .comment       0x00000000       0x12 bin/mm/mmuc.o
 .ARM.attributes
                0x00017849       0x34 bin/mm/mmuc.o
 *fill*         0x0001787d        0x3 00
 .rodata.str1.4
                0x00017880       0x28 bin/mm/paging.o
 .comment       0x00000000       0x12 bin/mm/paging.o
 .ARM.attributes
                0x000178a8       0x34 bin/mm/paging.o
                0x000178dc                xKmap_end = .
OUTPUT(bin/kernel.elf elf32-littlearm)
